// Jest Snapshot v1, https://goo.gl/fbAQLP

exports[`RelatedVideos renders 1`] = `
<DocumentFragment>
  <ul>
    <li
      class="flex gap-2 m-2 ml-3 hover:scale-105 ease-in duration-200 cursor-pointer"
    >
      <img
        alt="title"
        class="w-40"
        src="http://image/"
      />
      <div>
        <p
          class="text-sm font-semibold my-2 line-clamp-2"
        >
          title
        </p>
        <p
          class="text-xs opacity-80"
        >
          channelTitle
        </p>
        <p
          class="text-xs opacity-80"
        >
          3 weeks ago
        </p>
      </div>
    </li>
    <li
      class="flex gap-2 m-2 ml-3 hover:scale-105 ease-in duration-200 cursor-pointer"
    >
      <img
        alt="title2"
        class="w-40"
        src="http://image2/"
      />
      <div>
        <p
          class="text-sm font-semibold my-2 line-clamp-2"
        >
          title2
        </p>
        <p
          class="text-xs opacity-80"
        >
          channelTitle2
        </p>
        <p
          class="text-xs opacity-80"
        >
          3 weeks ago
        </p>
      </div>
    </li>
  </ul>
</DocumentFragment>
`;
