// Jest Snapshot v1, https://goo.gl/fbAQLP

exports[`VideoDetail renders video item details 1`] = `
<section
  className="flex flex-col lg:flex-row"
>
  <article
    className="basis-4/6"
  >
    <iframe
      frameBorder="0"
      height="640"
      id="player"
      src="https://www.youtube.com/embed/1"
      title="title"
      width="100%"
    />
    <div
      className="p-8 pl-0"
    >
      <h2
        className="text-xl font-bold"
      >
        title
      </h2>
      <pre
        className="whitespace-pre-wrap"
      >
        description
      </pre>
    </div>
  </article>
  <section
    className="basis-2/6"
  />
</section>
`;
